// Jest Snapshot v1, https://goo.gl/fbAQLP

exports[`Should display a single list item 1`] = `
<div>
  <h4>
     
    Gum
  </h4>
  <div>
    Amount: 
    195
    0
    <div>
      <button
        className="delete"
        onClick={[Function]}
      >
        Delete
      </button>
      <Link
        replace={false}
        to="/edit/1"
      >
        <button>
          Edit
        </button>
      </Link>
    </div>
  </div>
</div>
`;
