// Jest Snapshot v1, https://goo.gl/fbAQLP

exports[`should render Header correctly 1`] = `
<div>
  <div
    className="header-margin"
  />
  <header
    className="header"
  >
    <div
      className="frame"
    >
      <div
        className="nav-bar"
      >
        <Link
          className="nav-btn"
          replace={false}
          to="/dashboard"
        >
          <h2>
            Expenso
          </h2>
        </Link>
        <button
          className="nav-btn btn"
          onClick={[Function]}
        >
          Logout
        </button>
      </div>
    </div>
  </header>
</div>
`;
