// Jest Snapshot v1, https://goo.gl/fbAQLP

exports[`should render Header correctly 1`] = `
<header
  className="header"
>
  <h1>
    Expenso app
  </h1>
  <div
    className="nav-bar"
  >
    <NavLink
      activeClassName="is-active"
      ariaCurrent="true"
      className="header-btn"
      exact={true}
      to="/"
    >
      Home
    </NavLink>
    <NavLink
      activeClassName="is-active"
      ariaCurrent="true"
      className="header-btn"
      to="/create"
    >
      Create
    </NavLink>
  </div>
</header>
`;
